bash: pytest: command not found...
Packages providing this file are:
'python3-pytest'
'python3-pytest7'
